============================= test session starts =============================
platform win32 -- Python 3.14.1, pytest-9.0.2, pluggy-1.6.0 -- C:\Users\cj725\AppData\Local\Programs\Python\Python314\python.exe
cachedir: .pytest_cache
rootdir: D:\CJ\project
plugins: anyio-4.12.1
collecting ... collected 5 items

tests/test_financial_profiler.py::TestBuildCompanyProfile::test_build_company_profile_empty_dataframe PASSED [ 20%]
tests/test_financial_profiler.py::TestBuildCompanyProfile::test_build_company_profile_basic PASSED [ 40%]
tests/test_financial_profiler.py::TestBuildCompanyProfile::test_build_company_profile_company_specific PASSED [ 60%]
tests/test_financial_profiler.py::TestBuildCompanyProfile::test_build_company_profile_result_structure PASSED [ 80%]
tests/test_financial_profiler.py::TestBuildCompanyProfile::test_build_company_profile_summary PASSED [100%]

============================== 5 passed in 0.57s ==============================
